[www.proptiger.com/index.html]
[backblue.gif]
[fade.gif]
[index.html]
[www.proptiger.com/manifest.json]
[d1ghtzyjrbl4t6.cloudfront.net/mobile/styles/compiledcss/homepagecss.e8b0bc9d.css]
[www.proptiger.com/careers]
[www.proptiger.com/property-offers]
[www.proptiger.com/nri-services]
[www.proptiger.com/portfolio/index]
[www.proptiger.com/portfolio/shortlists]
[www.proptiger.com/portfolio/enquiredproperty]
[www.proptiger.com/portfolio/my-account]
[www.proptiger.com/bangalore/property-sale]
[www.proptiger.com/ahmedabad-real-estate]
[www.proptiger.com/bangalore-real-estate]
[www.proptiger.com/chennai-real-estate]
[www.proptiger.com/delhi-real-estate]
[www.proptiger.com/ghaziabad-real-estate]
[www.proptiger.com/greater-noida-real-estate]
[www.proptiger.com/gurgaon-real-estate]
[www.proptiger.com/hyderabad-real-estate]
[www.proptiger.com/kolkata-real-estate]
[www.proptiger.com/mumbai-real-estate]
[www.proptiger.com/noida-real-estate]
[www.proptiger.com/pune-real-estate]
[www.proptiger.com/asansol-real-estate]
[www.proptiger.com/bhubaneswar-real-estate]
[www.proptiger.com/coimbatore-real-estate]
[www.proptiger.com/dubai-real-estate]
[www.proptiger.com/durgapur-real-estate]
[www.proptiger.com/faridabad-real-estate]
[www.proptiger.com/goa-real-estate]
[www.proptiger.com/indore-real-estate]
[www.proptiger.com/jaipur-real-estate]
[www.proptiger.com/jhansi-real-estate]
[www.proptiger.com/lucknow-real-estate]
[www.proptiger.com/mangalore-real-estate]
[www.proptiger.com/mohali-real-estate]
[www.proptiger.com/mysore-real-estate]
[www.proptiger.com/nagpur-real-estate]
[www.proptiger.com/nashik-real-estate]
[www.proptiger.com/trivandrum-real-estate]
[www.proptiger.com/visakhapatnam-real-estate]
[www.proptiger.com/zirakpur-real-estate]
[www.proptiger.com/all-cities]
[www.proptiger.com/prestige-group-100365]
[www.proptiger.com/brigade-group-100376]
[www.proptiger.com/sobha-limited-100052]
[www.proptiger.com/godrej-properties-100111]
[www.proptiger.com/puravankara-100046]
[www.proptiger.com/provident-housing-100062]
[www.proptiger.com/pride-housing-100155]
[www.proptiger.com/mahindra-lifespaces-developers-100028]
[www.proptiger.com/ark-infra-developers-591235]
[www.proptiger.com/birla-estates-1350687]
[www.proptiger.com/bangalore/kadugodi/ark-infra-developers-cloud-city-656279.html]
[www.proptiger.com/bangalore/whitefield-hope-farm-junction/birla-estates-alokya-1975184.html]
[www.proptiger.com/bangalore/jp-nagar-phase-7/mahindra-lifespaces-developers-windchimes-phase-2-1853312.html]
[www.proptiger.com/bangalore/cv-raman-nagar/puravankara-270-degrees-640437.html]
[www.proptiger.com/bangalore/rajajinagar/puravankara-sunflower-640482.html]
[www.proptiger.com/bangalore/narayanapura-on-hennur-main-road/puravankara-palm-beach-654575.html]
[www.proptiger.com/bangalore/bagaluru-near-yelahanka/puravankara-zenium-1891802.html]
[www.proptiger.com/bangalore/kannamangala/sobha-limited-avenue-665091.html]
[www.proptiger.com/bangalore/varthur/sobha-limited-rain-forest-at-dream-acres-667314.html]
[www.proptiger.com/bangalore/varthur/sobha-limited-tropical-greens-at-dream-acres-780723.html]
[www.proptiger.com/bangalore/resale-property]
[www.proptiger.com/mumbai/resale-property]
[www.proptiger.com/pune/resale-property]
[www.proptiger.com/kolkata/resale-property]
[www.proptiger.com/guide.html]
[www.proptiger.com/bangalore/property-sale6941]
[www.proptiger.com/proptiger-media]
[www.proptiger.com/faqs]
[www.proptiger.com/homeloan]
[www.proptiger.com/vaastu]
[www.proptiger.com/emi]
[d1ghtzyjrbl4t6.cloudfront.net/mobile/images/housing-edge/web-rentpay.4e4716f6.png]
[www.proptiger.com/mumbai/thane-west/piramal-realty-vaikunth-cluster-2-1396185.html]
[www.proptiger.com/mumbai/mulund-west/piramal-realty-revanta-1571245.html]
[www.proptiger.com/mumbai/mulund-west/piramal-realty-revanta-tower-2-1665591.html]
[www.proptiger.com/mumbai/mahalaxmi/piramal-realty-mahalaxmi-central-tower-2-1783784.html]
[www.proptiger.com/mumbai/property-sale]
[www.proptiger.com/chennai/thirumazhisai/urbanrise-projects-eternity-apartment-3051966.html]
[www.proptiger.com/chennai/navallur/olympia-group-olympia-opaline-1853959.html]
[www.proptiger.com/chennai/mahabalipuram/adityaram-properties-signature-city-1573049.html]
[www.proptiger.com/chennai/sholinganallur/bscpl-infrastructure-bollineni-hillside-villas-654388.html]
[www.proptiger.com/chennai/property-sale]
[www.proptiger.com/gurgaon/sector-77/emaar-india-palm-premier-1691720.html]
[www.proptiger.com/gurgaon/sector-77/emaar-india-palm-heights-1858353.html]
[www.proptiger.com/gurgaon/sector-108/sobha-limited-city-675521.html]
[www.proptiger.com/gurgaon/sector-79/godrej-properties-aria-662047.html]
[www.proptiger.com/gurgaon/property-sale]
[www.proptiger.com/ahmedabad/near-vaishno-devi-circle-on-sg-highway/maharaj-infrastructure-sarang-lakeview-2053445.html]
[www.proptiger.com/ahmedabad/vastrapur/aahna-buildspace-shilp-shaligram-1874670.html]
[www.proptiger.com/ahmedabad/bopal/kavisha-group-urbania-1851451.html]
[www.proptiger.com/ahmedabad/near-nirma-university-on-sg-highway/godrej-properties-green-glades-1856604.html]
[www.proptiger.com/ahmedabad/property-sale]
[www.proptiger.com/noida/sector-32/wave-infratech-irenia-649680.html]
[www.proptiger.com/noida/sector-150/ats-green-le-grandiose-670961.html]
[www.proptiger.com/noida/sector-150/prateek-group-canary-1944005.html]
[www.proptiger.com/noida/sector-98/lotus-greens-isle-655244.html]
[www.proptiger.com/noida/property-sale]
[www.proptiger.com/pune/mundhwa/abisky-ritkriti-projects-valora-towers-b-1647025.html]
[www.proptiger.com/pune/mundhwa/abisky-ritkriti-projects-valora-towers-a-1943157.html]
[www.proptiger.com/pune/sopan-baug/gkg-ventures-kingsway-1428227.html]
[www.proptiger.com/pune/sopan-baug/gkg-ventures-the-kings-way-a1-a2-and-a3-1655729.html]
[www.proptiger.com/pune/property-sale]
[www.proptiger.com/hyderabad/property-sale]
[www.proptiger.com/kolkata/property-sale]
[www.proptiger.com/ghaziabad/property-sale]
[www.proptiger.com/jaipur/property-sale]
[www.proptiger.com/delhi/property-sale]
[www.proptiger.com/bangalore/attibele/sobha-limited-manhattan-towers-town-park-phase-1-w-4-and-5-3087808.html]
[www.proptiger.com/mumbai/chembur/m-s-omkar-associates-omkar-residency-3087855.html]
[www.proptiger.com/mumbai/ambernath-west/square-developers-mumbai-aditya-matruchaya-3087856.html]
[www.proptiger.com/mumbai/vashi/arihant-vatika-realty-arihant-aleenta-3087859.html]
[www.proptiger.com/mumbai/andheri-east/alliance-city-developers-realtors-pvt-ltd-mumbai-nirmal-milan-3087864.html]
[d1ghtzyjrbl4t6.cloudfront.net/mobile/images/homepage/Buildings.png]
[www.proptiger.com/mumbai/dombivali/laxmi-group-castle-3087865.html]
[www.proptiger.com/mumbai/kurla/a-a-property-developers-mumbai-zahara-towers-3087867.html]
[www.proptiger.com/mumbai/ghatkopar-east/man-realtors-and-holdings-ghatkopar-avenue-aaradhya-one-earth-g-phase-vi-3087870.html]
[www.proptiger.com/hyderabad/maheshwaram/jj-infra-india-lotus-invites-villa-3087819.html]
[www.proptiger.com/mumbai/panvel/apex-buildcon-mumbai-one-3078016.html]
[www.proptiger.com/rera-india]
[www.proptiger.com/guide/post/how-to-buy-a-dda-flat-in-resale.html]
[www.proptiger.com/guide/post/things-you-must-know-about-rera-website.html]
[www.proptiger.com/guide/post/10-frequently-asked-questions-about-rera.html]
[www.proptiger.com/guide/post/going-for-a-property-visit-dont-forget-to-carry-this-checklist.html]
[www.proptiger.com/guide/post/applying-for-a-home-loan-you-must-consider-these-4-factors.html]
[www.proptiger.com/guide/post/is-a-rent-agreement-a-lease-or-a-licence.html]
[www.proptiger.com/guide/post/legally-speaking-landlords-homebuyers-should-know-these-terms.html]
[www.proptiger.com/guide/post/can-you-depend-on-your-family-members-to-finance-your-home-purchase-2.html]
[www.proptiger.com/guide/post/renting-tips-for-the-first-time-landlords.html]
[www.proptiger.com/guide/post/what-are-common-plumbing-problems-at-home.html]
[www.proptiger.com/kolte-patil-developers-100168]
[www.proptiger.com/parsvnath-developers-100972]
[www.proptiger.com/unitech-100027]
[www.proptiger.com/ansal-api-100316]
[www.proptiger.com/amrapali-group-100029]
[www.proptiger.com/all-builders]
[www.proptiger.com/apartments-flats-sale]
[www.proptiger.com/villas-sale]
[www.proptiger.com/new-apartments-for-sale-in-india]
[www.proptiger.com/upcoming-flats-for-sale-in-india]
[www.proptiger.com/ready-to-move-flats-in-india]
[www.proptiger.com/under-construction-property-in-india]
[www.proptiger.com/sites-plots-sale]
[www.proptiger.com/ongoing-projects-in-india]
[www.proptiger.com/greater-noida/property-sale]
[www.proptiger.com/property-sale]
[www.proptiger.com/resale-apartments-in-india]
[www.proptiger.com/properties-for-senior-citizen]
[www.proptiger.com/all-projects]
[www.proptiger.com/homeloan-apply]
[www.proptiger.com/Realestate.com.au]
[www.proptiger.com/contactus]
[d1ghtzyjrbl4t6.cloudfront.net/mobile/images/makaan.76924a51.png]
[www.proptiger.com/user-agreement]
[www.google-analytics.com/analytics.js]
[d1ghtzyjrbl4t6.cloudfront.net/mobile/styles/compiledcss/lazyload-style.b3b4088e.css]
[d1ghtzyjrbl4t6.cloudfront.net/mobile/scripts/bundles/infra.3ee53f76.js]
[d1ghtzyjrbl4t6.cloudfront.net/mobile/scripts/bundles/app.459a3818.js]
[d1ghtzyjrbl4t6.cloudfront.net/mobile/scripts/bundles/homepage-pagescript.092e6986.js]
[assets-1.housingcdn.com/website/javascripts/uni-user.js]
[www.proptiger.com/index.html]
[www.proptiger.com/manifest.html]
[d1ghtzyjrbl4t6.cloudfront.net/mobile/images/header/gift-white.5a985fc2.png]
[d1ghtzyjrbl4t6.cloudfront.net/mobile/styles/compiledcss/homepagecss.e8b0bc9d.css]
[www.proptiger.com/careers.html]
[www.proptiger.com/property-offers.html]
[www.proptiger.com/nri-services.html]
[www.proptiger.com/portfolio/index.html]
[www.proptiger.com/portfolio/shortlists.html]
[www.proptiger.com/portfolio/enquiredproperty.html]
[www.proptiger.com/portfolio/my-account.html]
[www.proptiger.com/bangalore/property-sale.html]
[www.proptiger.com/ahmedabad-real-estate.html]
[www.proptiger.com/bangalore-real-estate.html]
[www.proptiger.com/chennai-real-estate.html]
[www.proptiger.com/delhi-real-estate.html]
[www.proptiger.com/ghaziabad-real-estate.html]
[www.proptiger.com/greater-noida-real-estate.html]
[www.proptiger.com/gurgaon-real-estate.html]
[www.proptiger.com/hyderabad-real-estate.html]
[www.proptiger.com/kolkata-real-estate.html]
[www.proptiger.com/mumbai-real-estate.html]
[www.proptiger.com/noida-real-estate.html]
[www.proptiger.com/pune-real-estate.html]
[www.proptiger.com/asansol-real-estate.html]
[www.proptiger.com/bhubaneswar-real-estate.html]
[www.proptiger.com/coimbatore-real-estate.html]
[www.proptiger.com/dubai-real-estate.html]
[www.proptiger.com/durgapur-real-estate.html]
[www.proptiger.com/faridabad-real-estate.html]
[www.proptiger.com/goa-real-estate.html]
[www.proptiger.com/indore-real-estate.html]
[www.proptiger.com/jaipur-real-estate.html]
[www.proptiger.com/jhansi-real-estate.html]
[www.proptiger.com/lucknow-real-estate.html]
[www.proptiger.com/mangalore-real-estate.html]
[www.proptiger.com/mohali-real-estate.html]
[www.proptiger.com/mysore-real-estate.html]
[www.proptiger.com/nagpur-real-estate.html]
[www.proptiger.com/nashik-real-estate.html]
[www.proptiger.com/trivandrum-real-estate.html]
[www.proptiger.com/visakhapatnam-real-estate.html]
[www.proptiger.com/zirakpur-real-estate.html]
[www.proptiger.com/all-cities.html]
[www.proptiger.com/prestige-group-100365.html]
[www.proptiger.com/brigade-group-100376.html]
[www.proptiger.com/sobha-limited-100052.html]
[www.proptiger.com/godrej-properties-100111.html]
[www.proptiger.com/puravankara-100046.html]
[www.proptiger.com/provident-housing-100062.html]
[www.proptiger.com/pride-housing-100155.html]
[www.proptiger.com/mahindra-lifespaces-developers-100028.html]
[www.proptiger.com/ark-infra-developers-591235.html]
[www.proptiger.com/birla-estates-1350687.html]
[www.proptiger.com/bangalore/kadugodi/android-app_/com.proptiger/pt/project/bangalore/kadugodi/ark-infra-developers-cloud-city-656279.a3.delayed]
[im.proptiger.com/1/656279/6/cloud-city-images-for-elevation-of-ark-cloud-city-662312.jpg]
[www.proptiger.com/bangalore/apartments-flats-sale]
[www.proptiger.com/bangalore/villas-sale]
[www.proptiger.com/bangalore/ready-to-move-flats]
[www.proptiger.com/bangalore/sites-plots-sale]
[www.proptiger.com/bangalore/sites-plots-sale-kadugodi-51502]
[www.proptiger.com/bangalore/villas-sale-kadugodi-51502]
[www.proptiger.com/bangalore/apartments-flats-sale-kadugodi-51502]
[www.proptiger.com/bangalore/property-sale-kadugodi-51502]
[www.proptiger.com/bangalore/luxury-projects-in-kadugodi-51502]
[www.proptiger.com/bangalore-real-estate/kadugodi-overview-51502]
[im.proptiger.com/1/656279/6/cloud-city-images-for-elevation-of-ark-cloud-city-662312f65c.jpg]
[d1ghtzyjrbl4t6.cloudfront.net/mobile/images/proptiger-direct/Web-Banner-Bangalore.d675a4e7.jpg]
[im.proptiger.com/2/5191505/12/ark-cloud-city-2bhk-2t-1-185-sq-ft-22534497231a.jpg]
[www.proptiger.com/bangalore/ark-infra-developers-cloud-city-kadugodi-5191505/2bhk-2t-1185-sqft-apartment.html]
[im.proptiger.com/2/5191506/12/ark-cloud-city-2bhk-2t-1-250-sq-ft-22534499231a.jpg]
[www.proptiger.com/bangalore/ark-infra-developers-cloud-city-kadugodi-5191506/2bhk-2t-1250-sqft-apartment.html]
[www.proptiger.com/mobile/images/flr-plan-na.a2428bbb.b4.delayed]
[www.proptiger.com/bangalore/ark-infra-developers-cloud-city-kadugodi-8392542/2bhk-2t-1275-sqft-apartment.html]
[im.proptiger.com/2/5191509/12/38241594231a.jpg]
[www.proptiger.com/bangalore/ark-infra-developers-cloud-city-kadugodi-5191509/3bhk-3t-1495-sqft-apartment.html]
[im.proptiger.com/2/7147756/12/ark-cloud-city-3bhk-3t-1-550-sq-ft-22534509231a.jpg]
[www.proptiger.com/bangalore/ark-infra-developers-cloud-city-kadugodi-7147756/3bhk-3t-1550-sqft-apartment.html]
[im.proptiger.com/2/7147757/12/ark-cloud-city-3bhk-3t-1-555-sq-ft-22534513231a.jpg]
[www.proptiger.com/bangalore/ark-infra-developers-cloud-city-kadugodi-7147757/3bhk-3t-1555-sqft-apartment.html]
[im.proptiger.com/2/5191510/12/ark-cloud-city-3bhk-3t-1-565-sq-ft-22534515231a.jpg]
[www.proptiger.com/bangalore/ark-infra-developers-cloud-city-kadugodi-5191510/3bhk-3t-1565-sqft-apartment.html]
[im.proptiger.com/2/5191511/12/ark-cloud-city-3bhk-3t-1-650-sq-ft-22534516231a.jpg]
[www.proptiger.com/bangalore/ark-infra-developers-cloud-city-kadugodi-5191511/3bhk-3t-1650-sqft-apartment.html]
[im.proptiger.com/2/7147755/12/ark-cloud-city-3bhk-3t-1-710-sq-ft-22534534231a.jpg]
[www.proptiger.com/bangalore/ark-infra-developers-cloud-city-kadugodi-7147755/3bhk-3t-1710-sqft-apartment.html]
[im.proptiger.com/2/6608594/12/ark-cloud-city-3bhk-3t-2-040-sq-ft-22534556231a.jpg]
[www.proptiger.com/bangalore/ark-infra-developers-cloud-city-kadugodi-6608594/3bhk-3t-2040-sqft-apartment.html]
[www.proptiger.com/gallery/cloud-city-images-for-elevation-of-ark-cloud-city-656279-662312.c4.delayed]
[im.proptiger.com/1/656279/6/cloud-city-images-for-elevation-of-ark-cloud-city-662312ac6b.jpg]
[www.proptiger.com/gallery/cloud-city-images-for-elevation-of-ark-cloud-city-656279-9479105]
[im.proptiger.com/1/656279/6/cloud-city-images-for-elevation-of-ark-cloud-city-9479105.jpg]
[im.proptiger.com/1/656279/6/cloud-city-images-for-elevation-of-ark-cloud-city-9479105ac6b.jpg]
[www.proptiger.com/gallery/cloud-city-images-for-elevation-of-ark-cloud-city-656279-9479106]
[im.proptiger.com/1/656279/6/cloud-city-images-for-elevation-of-ark-cloud-city-9479106.jpg]
[im.proptiger.com/1/656279/6/cloud-city-images-for-elevation-of-ark-cloud-city-9479106ac6b.jpg]
[www.proptiger.com/gallery/cloud-city-images-for-elevation-of-ark-cloud-city-656279-9479104]
[im.proptiger.com/1/656279/6/cloud-city-images-for-elevation-of-ark-cloud-city-9479104.jpg]
[im.proptiger.com/1/656279/6/cloud-city-images-for-elevation-of-ark-cloud-city-9479104ac6b.jpg]
[img.youtube.com/vi/20rrWvdNDrc/0.jpg]
[img.youtube.com/vi/20rrWvdNDrc/0ac6b.jpg]
[www.proptiger.com/gallery/cloud-city-images-for-amenities-of-ark-cloud-city-656279-9479333]
[im.proptiger.com/1/656279/80/cloud-city-images-for-amenities-of-ark-cloud-city-9479333.jpg]
[im.proptiger.com/1/656279/80/cloud-city-images-for-amenities-of-ark-cloud-city-9479333ac6b.jpg]
[www.proptiger.com/gallery/cloud-city-images-for-amenities-of-ark-cloud-city-656279-9479331]
[im.proptiger.com/1/656279/80/cloud-city-images-for-amenities-of-ark-cloud-city-9479331.jpg]
[im.proptiger.com/1/656279/80/cloud-city-images-for-amenities-of-ark-cloud-city-9479331ac6b.jpg]
[www.proptiger.com/gallery/cloud-city-images-for-layout-plan-of-ark-cloud-city-656279-662315]
[im.proptiger.com/1/656279/4/cloud-city-images-for-layout-plan-of-ark-cloud-city-662315ac6b.jpg]
[im.proptiger.com/1/656279/4/cloud-city-images-for-layout-plan-of-ark-cloud-city-662315.jpg]
[www.proptiger.com/gallery/cloud-city-images-for-cluster-plan-of-ark-cloud-city-656279-662320]
[im.proptiger.com/1/656279/2/cloud-city-images-for-cluster-plan-of-ark-cloud-city-662320.jpg]
[im.proptiger.com/1/656279/2/cloud-city-images-for-cluster-plan-of-ark-cloud-city-662320ac6b.jpg]
[im.proptiger.com/1/656279/2/cloud-city-images-for-cluster-plan-of-ark-cloud-city-662319.jpg]
[www.proptiger.com/gallery/cloud-city-images-for-cluster-plan-of-ark-cloud-city-656279-662319]
[im.proptiger.com/1/656279/2/cloud-city-images-for-cluster-plan-of-ark-cloud-city-662319ac6b.jpg]
[www.proptiger.com/gallery/cloud-city-images-for-cluster-plan-of-ark-cloud-city-656279-662318]
[im.proptiger.com/1/656279/2/cloud-city-images-for-cluster-plan-of-ark-cloud-city-662318.jpg]
[im.proptiger.com/1/656279/2/cloud-city-images-for-cluster-plan-of-ark-cloud-city-662318ac6b.jpg]
[im.proptiger.com/1/656279/2/cloud-city-images-for-cluster-plan-of-ark-cloud-city-662317.jpg]
[www.proptiger.com/gallery/cloud-city-images-for-cluster-plan-of-ark-cloud-city-656279-662317.e4.delayed]
[im.proptiger.com/1/656279/2/cloud-city-images-for-cluster-plan-of-ark-cloud-city-662317ac6b.jpg]
[im.proptiger.com/1/656279/2/cloud-city-images-for-cluster-plan-of-ark-cloud-city-662316.jpg]
[www.proptiger.com/gallery/cloud-city-images-for-cluster-plan-of-ark-cloud-city-656279-662316]
[im.proptiger.com/1/656279/2/cloud-city-images-for-cluster-plan-of-ark-cloud-city-662316ac6b.jpg]
[www.proptiger.com/gallery/ark-cloud-city-2bhk-2t-1-185-sq-ft-5191505-22534497]
[im.proptiger.com/2/5191505/12/ark-cloud-city-2bhk-2t-1-185-sq-ft-22534497.jpg]
[im.proptiger.com/2/5191505/12/ark-cloud-city-2bhk-2t-1-185-sq-ft-22534497ac6b.jpg]
[im.proptiger.com/2/2/5191505/89/2052947.jpg]
[www.proptiger.com/gallery/ark-cloud-city-2bhk-2t-1-250-sq-ft-5191506-22534499]
[im.proptiger.com/2/2/5191505/89/2052947ac6b.jpg]
[im.proptiger.com/2/2/5191506/89/2052950.jpg]
[im.proptiger.com/2/5191509/12/ark-builder-cloud-city-floor-plan-floor-plan-662325.jpg]
[im.proptiger.com/2/5191509/12/38241594.jpg]
[im.proptiger.com/2/5191506/12/ark-cloud-city-2bhk-2t-1-250-sq-ft-22534499.jpg]
[www.proptiger.com/gallery/ark-builder-cloud-city-floor-plan-floor-plan-5191509-662325]
[www.proptiger.com/gallery/ark-cloud-city-3bhk-3t-1-565-sq-ft-5191510-22534515]
[www.proptiger.com/gallery/ark-cloud-city-3bhk-3t-1-650-sq-ft-5191511-22534516]
[im.proptiger.com/2/5191510/12/ark-cloud-city-3bhk-3t-1-565-sq-ft-22534515.jpg]
[im.proptiger.com/2/2/5191510/89/2052953.jpg]
[im.proptiger.com/2/2/5191511/89/2052954.jpg]
[www.proptiger.com/gallery/ark-cloud-city-3bhk-3t-2-040-sq-ft-6608594-22534556.fb.delayed]
[im.proptiger.com/2/5191511/12/ark-cloud-city-3bhk-3t-1-650-sq-ft-22534516.jpg]
[im.proptiger.com/2/2/6608594/89/2052958.jpg]
[im.proptiger.com/2/6608594/12/ark-cloud-city-3bhk-3t-2-040-sq-ft-22534556.jpg]
[www.proptiger.com/gallery/ark-cloud-city-3bhk-3t-1-710-sq-ft-7147755-22534534]
[im.proptiger.com/2/7147755/12/ark-cloud-city-3bhk-3t-1-710-sq-ft-22534534.jpg]
[im.proptiger.com/2/2/7147755/89/2052955.jpg]
[www.proptiger.com/gallery/ark-cloud-city-3bhk-3t-1-550-sq-ft-7147756-22534509]
[im.proptiger.com/2/7147756/12/ark-cloud-city-3bhk-3t-1-550-sq-ft-22534509.jpg]
[im.proptiger.com/2/2/7147756/89/2052952.jpg]
[www.proptiger.com/gallery/ark-cloud-city-3bhk-3t-1-555-sq-ft-7147757-22534513]
[im.proptiger.com/2/7147757/12/ark-cloud-city-3bhk-3t-1-555-sq-ft-22534513.jpg]
[im.proptiger.com/1/656279/5/cloud-city-images-for-location-plan-of-ark-cloud-city-662314.jpg]
[www.proptiger.com/gallery/cloud-city-images-for-location-plan-of-ark-cloud-city-656279-662314]
[im.proptiger.com/1/656279/5/cloud-city-images-for-location-plan-of-ark-cloud-city-662314ac6b.jpg]
[im.proptiger.com/1/656279/81/cloud-city-images-for-main-other-of-ark-cloud-city-9479303.jpg]
[www.proptiger.com/gallery/cloud-city-images-for-main-other-of-ark-cloud-city-656279-9479303]
[im.proptiger.com/1/656279/81/cloud-city-images-for-main-other-of-ark-cloud-city-9479303ac6b.jpg]
[im.proptiger.com/1/656279/81/cloud-city-images-for-main-other-of-ark-cloud-city-9479302.jpg]
[www.proptiger.com/gallery/cloud-city-images-for-main-other-of-ark-cloud-city-656279-9479302]
[im.proptiger.com/1/656279/81/cloud-city-images-for-main-other-of-ark-cloud-city-9479302ac6b.jpg]
[im.proptiger.com/1/656279/81/cloud-city-images-for-main-other-of-ark-cloud-city-9479301.jpg]
[www.proptiger.com/gallery/cloud-city-images-for-main-other-of-ark-cloud-city-656279-9479301]
[im.proptiger.com/1/656279/81/cloud-city-images-for-main-other-of-ark-cloud-city-9479301ac6b.jpg]
[im.proptiger.com/1/656279/81/cloud-city-images-for-main-other-of-ark-cloud-city-9479299.jpg]
[www.proptiger.com/gallery/cloud-city-images-for-main-other-of-ark-cloud-city-656279-9479299]
[im.proptiger.com/1/656279/81/cloud-city-images-for-main-other-of-ark-cloud-city-9479299ac6b.jpg]
[im.proptiger.com/1/656279/81/cloud-city-images-for-main-other-of-ark-cloud-city-9479297.jpg]
[www.proptiger.com/gallery/cloud-city-images-for-main-other-of-ark-cloud-city-656279-9479297]
[im.proptiger.com/1/656279/81/cloud-city-images-for-main-other-of-ark-cloud-city-9479297ac6b.jpg]
[im.proptiger.com/1/656279/81/cloud-city-images-for-main-other-of-ark-cloud-city-9479296.jpg]
[www.proptiger.com/gallery/cloud-city-images-for-main-other-of-ark-cloud-city-656279-9479296]
[im.proptiger.com/1/656279/81/cloud-city-images-for-main-other-of-ark-cloud-city-9479296ac6b.jpg]
[im.proptiger.com/1/656279/81/cloud-city-images-for-main-other-of-ark-cloud-city-9479295.jpg]
[www.proptiger.com/gallery/cloud-city-images-for-main-other-of-ark-cloud-city-656279-9479295]
[im.proptiger.com/1/656279/81/cloud-city-images-for-main-other-of-ark-cloud-city-9479295ac6b.jpg]
[im.proptiger.com/1/656279/81/cloud-city-images-for-main-other-of-ark-cloud-city-9479294.jpg]
[www.proptiger.com/gallery/cloud-city-images-for-main-other-of-ark-cloud-city-656279-9479294]
[im.proptiger.com/1/656279/81/cloud-city-images-for-main-other-of-ark-cloud-city-9479294ac6b.jpg]
[www.proptiger.com/nri8370]
[im.proptiger.com/3/591235/13/ark-infra-developers-20117101a77e.jpg]
[www.proptiger.com/bangalore/whitefield-hope-farm-junction/sobha-limited-windsor-3045305.html]
[im.proptiger.com/1/3045305/6/windsor-elevation-106616541d6e7.jpg]
[www.proptiger.com/compare/ark-infra-developers-cloud-city-vs-sobha-limited-windsor-656279-3045305]
[www.proptiger.com/bangalore/whitefield-hope-farm-junction/prestige-group-white-meadows-villas-653914.html]
[im.proptiger.com/1/653914/6/white-meadows-villas-images-for-elevation-of-prestige-white-meadows-villas-701509d6e7.jpg]
[www.proptiger.com/compare/prestige-group-white-meadows-villas-vs-ark-infra-developers-cloud-city-653914-656279]
[www.proptiger.com/bangalore/whitefield-hope-farm-junction/prestige-group-white-meadows-502300.html]
[im.proptiger.com/1/502300/6/white-meadows-images-for-elevation-of-prestige-white-meadows-7786067d6e7.jpg]
[www.proptiger.com/compare/prestige-group-white-meadows-vs-ark-infra-developers-cloud-city-502300-656279]
[www.proptiger.com/bangalore/whitefield-hope-farm-junction/incor-infrastructure-carmel-heights-1804564.html]
[im.proptiger.com/1/1804564/6/carmel-heights-elevation-24765670d6e7.jpg]
[www.proptiger.com/compare/ark-infra-developers-cloud-city-vs-incor-infrastructure-carmel-heights-656279-1804564]
[www.proptiger.com/bangalore/itpl/brigade-group-woods-1777611.html]
[im.proptiger.com/1/1777611/6/woods-elevation-24348607d6e7.jpg]
[www.proptiger.com/compare/ark-infra-developers-cloud-city-vs-brigade-group-woods-656279-1777611]
[www.proptiger.com/bangalore/prestige-group-100365]
[www.proptiger.com/bangalore/sobha-limited-100052]
[www.proptiger.com/bangalore/unitech-100027]
[www.proptiger.com/bangalore/dlf-100002]
[www.proptiger.com/bangalore/all-builders]
[www.proptiger.com/bangalore/under-construction-property]
[www.proptiger.com/bangalore/upcoming-flats-for-sale]
[www.proptiger.com/bangalore/luxury-projects]
[www.proptiger.com/bangalore/affordable-flats]
[www.proptiger.com/bangalore/new-apartments-for-sale]
[www.proptiger.com/bangalore/upcoming-property]
[www.proptiger.com/new-launch-in-bangalore]
[www.proptiger.com/bangalore/ready-to-move-house-villas-for-sale]
[www.proptiger.com/bangalore/under-construction-house-villas-for-sale]
[www.proptiger.com/bangalore/luxury-house-villas-for-sale]
[www.proptiger.com/bangalore/ready-to-move-luxury-projects]
[www.proptiger.com/rera-india/rera-approved-projects-in-bangalore]
[www.proptiger.com/rera-india/rera-completed-projects-in-bangalore]
[www.proptiger.com/bangalore-real-estate/1bhk]
[www.proptiger.com/bangalore-real-estate/2bhk]
[www.proptiger.com/bangalore-real-estate/3bhk]
[www.proptiger.com/bangalore-real-estate/4bhk]
[www.proptiger.com/bangalore-real-estate/5bhk]
[www.proptiger.com/bangalore/apartments-flats-sale/1bhk]
[www.proptiger.com/bangalore/apartments-flats-sale/2bhk]
[www.proptiger.com/bangalore/apartments-flats-sale/3bhk]
[www.proptiger.com/bangalore/apartments-flats-sale/4bhk]
[www.proptiger.com/bangalore/apartments-flats-sale/5bhk]
[www.proptiger.com/bangalore/villas-sale/1bhk]
[www.proptiger.com/bangalore/villas-sale/2bhk]
[www.proptiger.com/bangalore/villas-sale/3bhk]
[www.proptiger.com/bangalore/villas-sale/4bhk]
[www.proptiger.com/bangalore/villas-sale/5bhk]
[www.proptiger.com/dlf-100002]
[www.proptiger.com/bangalore/resale-apartments]
[www.proptiger.com/bangalore/kadugodi/Realestate.com.au]
[d1ghtzyjrbl4t6.cloudfront.net/mobile/styles/compiledcss/lazyload-style-project-details-v3.58ad714b.css]
[www.proptiger.com/bangalore/kadugodi/ark-infra-developers-cloud-city-656279.html]
[d1ghtzyjrbl4t6.cloudfront.net/mobile/scripts/bundles/project-details-v3-pagescript.938b845e.js]
[www.proptiger.com/bangalore/whitefield-hope-farm-junction/android-app_/com.proptiger/pt/project/bangalore/whitefield-hope-farm-junction/birla-estates-alokya-1975184]
[www.proptiger.com/bangalore/sites-plots-sale-whitefield-hope-farm-junction-50161]
[im.proptiger.com/1/1975184/6/alokya-images-for-project-45150678.jpg]
[www.proptiger.com/bangalore/villas-sale-whitefield-hope-farm-junction-50161]
[www.proptiger.com/bangalore/apartments-flats-sale-whitefield-hope-farm-junction-50161]
[www.proptiger.com/bangalore/property-sale-whitefield-hope-farm-junction-50161]
[www.proptiger.com/bangalore/luxury-projects-in-whitefield-hope-farm-junction-50161]
[www.proptiger.com/bangalore-real-estate/whitefield-hope-farm-junction-overview-50161]
[im.proptiger.com/1/1975184/6/alokya-images-for-project-45150678f65c.jpg]
[www.proptiger.com/bangalore/birla-estates-alokya-whitefield-hope-farm-junction-9765050/3bhk-3t-1437-sqft-apartment.html]
[www.proptiger.com/bangalore/birla-estates-alokya-whitefield-hope-farm-junction-9765051/3bhk-3t-1597-sqft-apartment.html]
[www.proptiger.com/bangalore/birla-estates-alokya-whitefield-hope-farm-junction-9765048/3bhk-3t-2033-sqft-apartment.html]
[www.proptiger.com/bangalore/birla-estates-alokya-whitefield-hope-farm-junction-9765049/3bhk-3t-2261-sqft-apartment.html]
[www.proptiger.com/bangalore/birla-estates-alokya-whitefield-hope-farm-junction-9765052/3bhk-3t-2639-sqft-apartment.html]
[www.proptiger.com/bangalore/birla-estates-alokya-whitefield-hope-farm-junction-9765053/3bhk-3t-2880-sqft-apartment.html]
[www.proptiger.com/bangalore/birla-estates-alokya-whitefield-hope-farm-junction-9765054/4bhk-4t-2572-sqft-apartment.html]
[www.proptiger.com/bangalore/birla-estates-alokya-whitefield-hope-farm-junction-9765055/4bhk-4t-3426-sqft-apartment.html]
[www.proptiger.com/bangalore/birla-estates-alokya-whitefield-hope-farm-junction-9765056/4bhk-4t-3647-sqft-apartment.html]
[www.proptiger.com/gallery/alokya-images-for-project-1975184-45150678]
[im.proptiger.com/1/1975184/6/alokya-images-for-project-45150678ac6b.jpg]
[www.proptiger.com/gallery/alokya-images-for-project-1975184-45150677]
[im.proptiger.com/1/1975184/6/alokya-images-for-project-45150677.jpg]
[im.proptiger.com/1/1975184/6/alokya-images-for-project-45150677ac6b.jpg]
[www.proptiger.com/gallery/alokya-images-for-project-1975184-36788709]
[im.proptiger.com/1/1975184/6/alokya-images-for-project-36788709.jpg]
[im.proptiger.com/1/1975184/6/alokya-images-for-project-36788709ac6b.jpg]
[www.proptiger.com/gallery/alokya-images-for-project-1975184-36611728]
[im.proptiger.com/1/1975184/6/alokya-images-for-project-36611728ac6b.jpg]
[im.proptiger.com/1/1975184/6/alokya-images-for-project-36611728.jpg]
[www.proptiger.com/gallery/alokya-images-for-project-1975184-36611725]
[im.proptiger.com/1/1975184/6/alokya-images-for-project-36611725.jpg]
[im.proptiger.com/1/1975184/6/alokya-images-for-project-36611725ac6b.jpg]
[im.proptiger.com/1/1975184/6/36611726.jpg]
[im.proptiger.com/1/1975184/6/36611726ac6b.jpg]
[img.youtube.com/vi/WDiTVVR5lM0/0.jpg]
[img.youtube.com/vi/WDiTVVR5lM0/0ac6b.jpg]
[www.proptiger.com/gallery/alokya-others-1975184-100166576]
[im.proptiger.com/1/1975184/80/alokya-others-100166576.jpg]
[im.proptiger.com/1/1975184/80/alokya-others-100166576ac6b.jpg]
[www.proptiger.com/gallery/alokya-images-for-amenities-1975184-36611776]
[im.proptiger.com/1/1975184/80/alokya-images-for-amenities-36611776ac6b.jpg]
[im.proptiger.com/1/1975184/80/alokya-images-for-amenities-36611776.jpg]
[im.proptiger.com/1/1975184/7/36788714.jpg]
[im.proptiger.com/1/1975184/7/36788714ac6b.jpg]
[im.proptiger.com/1/1975184/5/36611730.jpg]
[im.proptiger.com/1/1975184/5/36611730ac6b.jpg]
[im.proptiger.com/1/1975184/81/45150670.jpg]
[im.proptiger.com/1/1975184/81/45150670ac6b.jpg]
[www.proptiger.com/bangalore/whitefield-hope-farm-junction/birla-estates-alokya-1975184.html]
[www.proptiger.com/bangalore/jp-nagar-phase-7/mahindra-lifespaces-developers-windchimes-phase-2-1853312.html]
[www.proptiger.com/bangalore/cv-raman-nagar/puravankara-270-degrees-640437.html]
[www.proptiger.com/bangalore/rajajinagar/puravankara-sunflower-640482.html]
[www.proptiger.com/bangalore/narayanapura-on-hennur-main-road/puravankara-palm-beach-654575.html]
[www.proptiger.com/bangalore/bagaluru-near-yelahanka/puravankara-zenium-1891802.html]
[www.proptiger.com/bangalore/kannamangala/sobha-limited-avenue-665091.html]
[www.proptiger.com/bangalore/varthur/sobha-limited-rain-forest-at-dream-acres-667314.html]
[www.proptiger.com/bangalore/varthur/sobha-limited-tropical-greens-at-dream-acres-780723.html]
[www.proptiger.com/bangalore/resale-property.html]
[www.proptiger.com/mumbai/resale-property.html]
[www.proptiger.com/pune/resale-property.html]
[www.proptiger.com/kolkata/resale-property.html]
[www.proptiger.com/guide.html]
[www.proptiger.com/bangalore/property-sale6941.html]
[www.proptiger.com/proptiger-media.html]
[www.proptiger.com/faqs.html]
[www.proptiger.com/homeloan.html]
[www.proptiger.com/vaastu.html]
[www.proptiger.com/emi.html]
[www.proptiger.com/mumbai/thane-west/piramal-realty-vaikunth-cluster-2-1396185.html]
[www.proptiger.com/mumbai/mulund-west/piramal-realty-revanta-1571245.html]
[www.proptiger.com/mumbai/mulund-west/piramal-realty-revanta-tower-2-1665591.html]
[www.proptiger.com/mumbai/mahalaxmi/piramal-realty-mahalaxmi-central-tower-2-1783784.html]
[www.proptiger.com/mumbai/property-sale.html]
[www.proptiger.com/chennai/thirumazhisai/urbanrise-projects-eternity-apartment-3051966.html]
[www.proptiger.com/chennai/navallur/olympia-group-olympia-opaline-1853959.html]
